<!DOCTYPE html PUBLIC "-//W3C//DTD XHTML 1.0 Transitional//EN" "http://www.w3.org/TR/xhtml1/DTD/xhtml1-transitional.dtd">
<html xmlns="http://www.w3.org/1999/xhtml">
<head>
    <meta http-equiv="Content-Type" content="text/html; charset=UTF-8" />
    <title>HTML Email Template</title>
    <meta name="viewport" content="width=device-width, initial-scale=1.0" />
    <link rel="preconnect" href="https://fonts.gstatic.com">
    <link href="https://fonts.googleapis.com/css2?family=Noto+Sans+KR:wght@400;700&display=swap" rel="stylesheet">

    <style type="text/css" media="screen">
        * {margin:0;padding:0;font-family:"Noto Sans KR", sans-serif !important;}
    </style>
</head>
<body>

    <table border="0" cellpadding="0" cellspacing="0" width="100%">
        <tr>
            <td style="padding:48px 24px 72px 24px;letter-spacing:-0.04em;color:#333;word-break:keep-all;">
                <table border="0" cellpadding="0" cellspacing="0" style="width:100%;max-width:544px;margin:0 auto;background-image:url('img/bg_mail_dormant.png');background-position:top right;background-size:200px 164px;background-repeat:no-repeat;">
                    <tr>
                        <td style="padding-bottom:56px;">
                            <img style="width:182px;vertical-align:top;" src="img/logo_email.png" alt="">
                        </td>
                    </tr>
                    <tr>
                        <td style="padding-bottom:28px;">
                            <p style="font-size:28px;line-height:36px;color:#3F5062;"><strong>휴면회원 전환 예정 안내</strong><br>메일입니다.</p>
                        </td>
                    </tr>
                    <tr>
                        <td style="padding-bottom:48px;">
                            <p style="font-size:16px;line-height:24px;margin:0;">
                                안녕하세요. <strong>김학생</strong>님<br>
                                고객님의 개인정보 보호를 위해 1년 이상 서비스 이용 기록이 없는 <strong>teacher01</strong> 계정은
                                정보통신망 이용 촉진 및 정보보호 등에 관한 법률 제 29조 및 동법 시행령 제 16조에 따라
                                30일 뒤인, <strong>2021년 3월 31일</strong> 휴면계정으로 분류되어 안전하게 개인정보를 분리보관 후 파기할 예정입니다.
                            </p>
                        </td>
                    </tr>
                    <tr>
                        <td>
                            <p style="padding:20px 24px;background:#F2F6F9;border-radius:8px;font-size:16px;line-height:24px;text-align:center;color:#777;">
                                휴면계정 전환 예정일 <strong style="color:#4385AA;">2021년 3월 31일</strong><br>
                                휴면계정 적용 대상 <strong style="color:#4385AA;">최근 1년간 서비스 이용 기록이 없는 계정</strong>
                            </p>
                        </td>
                    </tr>
                </table>
            </td>
        </tr>
    </table>

</body>
</html>